// Jest Snapshot v1, https://goo.gl/fbAQLP

exports[`panel component passess all props to panel component 1`] = `
<div
  currentLocation={
    Object {
      "hash": "",
      "key": "pncigm",
      "pathname": "/",
      "search": "",
      "state": undefined,
    }
  }
>
  <label
    currentLocation={
      Object {
        "hash": "",
        "key": "pncigm",
        "pathname": "/",
        "search": "",
        "state": undefined,
      }
    }
    htmlFor="panel"
  >
    <img
      alt="drawMarker"
      height={30}
      src="drawMarker.png"
      width={30}
    />
  </label>
  <input
    id="panel"
    onChange={[Function]}
    type="checkbox"
  />
  <div
    currentLocation={
      Object {
        "hash": "",
        "key": "pncigm",
        "pathname": "/",
        "search": "",
        "state": undefined,
      }
    }
    isChecked={false}
  >
    <div>
      <ul>
        <li>
          <a
            exact={true}
            isSelected={true}
            onClick={[Function]}
          >
            Select marker
          </a>
        </li>
        /
        <li>
          <a
            isSelected={true}
            location="/"
            onClick={[Function]}
          >
            Filter marker
          </a>
        </li>
      </ul>
    </div>
    <div
      className="scroll"
    >
      <Connect(MarkerList)
        isNavSelect={true}
      />
    </div>
  </div>
</div>
`;
