// Jest Snapshot v1, https://goo.gl/fbAQLP

exports[`main component shallow main component 1`] = `
<div
  tag={[Function]}
>
  <div
    lg="3"
    md="12"
    tag={[Function]}
    widths={
      Array [
        "xs",
        "sm",
        "md",
        "lg",
        "xl",
      ]
    }
  >
    <Connect(Panel) />
  </div>
  <div
    lg="9"
    md="12"
    tag={[Function]}
    widths={
      Array [
        "xs",
        "sm",
        "md",
        "lg",
        "xl",
      ]
    }
  >
    <Switch>
      <Route
        component={[Function]}
        exact={true}
        key="0"
        path="/"
      />
      <Route
        component={[Function]}
        key="1"
        path="/createMarker"
      />
    </Switch>
  </div>
</div>
`;
