// Jest Snapshot v1, https://goo.gl/fbAQLP

exports[`marker list component passess all props to markerList component 1`] = `
<div>
  <li
    isSelected={false}
    key="1"
    onClick={[Function]}
  >
    <div>
      <img
        alt="1548784752159.png"
        src="http://localhost:8080/images/1548784752159.png"
      />
    </div>
    <span>
      test1
    </span>
  </li>
  <li
    isSelected={false}
    key="2"
    onClick={[Function]}
  >
    <div>
      <img
        alt="1550173679016.png"
        src="http://localhost:8080/images/1550173679016.png"
      />
    </div>
    <span>
      basen
    </span>
  </li>
</div>
`;
